Parameter log file for generate_parameter.py
Compute [0]: 1, RB11B110, 45, 99.61809981834172
Compute [1]: 2, RB12B125, 35, 77.45403188774328
Compute [2]: 3, RB144016, 40, 82.62564028874375
Compute [3]: 4, RB50RB50, 40, 86.09212576603225
Compute [4]: 5, RB63RB63, 35, 78.16417688488853
Compute [5]: 6, RB75RB75, 35, 74.63360591824092
Compute [6]: 7, RB90RB90, 40, 85.89954713355084
Compute [7]: 8, RDB1B110, 35, 75.83615353022067
Compute [8]: 9, RDB2DB20, 40, 80.80924575990007
Compute [9]: 10, RDB2DB25, 35, 75.4947795698434
Compute [10]: 11, RDB3DB32, 40, 91.15056402097714
Compute [11]: 12, RDB4DB40, 40, 83.47964949421102
Compute [12]: 13, RDB5DB50, 35, 73.64354059602675
Compute [13]: 14, RDB6DB63, 35, 75.34221898178299
Compute [14]: 15, RDB7DB75, 40, 91.2153501032464
Compute [15]: 16, RDB9DB90, 35, 77.79067123205851
Compute [16]: 17, RDKT1050, 35, 75.97058372041367
Compute [17]: 18, RDKT4020, 40, 84.11032601107976
Compute [18]: 19, RDKT5020, 35, 77.36385049589433
Compute [19]: 20, RDKT5025, 40, 85.54085410438203
Compute [20]: 21, RDKT6320, 35, 75.34221898178299
Compute [21]: 22, RDKT6325, 40, 86.07442727089567
Compute [22]: 23, RDKT6332, 40, 89.10926474928489
Compute [23]: 24, RDKT7525, 35, 74.90189876009063
Compute [24]: 25, RDKT7532, 35, 73.54592054419017
Compute [25]: 26, RDKT7540, 35, 77.79067123205851
Compute [26]: 27, RDKT9020, 35, 75.27521300923037
Compute [27]: 28, RDKT9025, 35, 73.8414837100379
Compute [28]: 29, RDKT9040, 45, 95.31126129437706
Compute [29]: 30, ROT2OT20, 40, 82.62564028874375
Compute [30]: 31, ROT2OT25, 35, 74.57927732772426
Compute [31]: 32, RV20RV20, 45, 99.57868403469888
Compute [32]: 33, RV25RV25, 40, 94.63304165357503
Compute [33]: 34, RV32RV32, 40, 92.27581134184904
Compute [34]: 35, RV40RV40, 40, 87.25198925623745
Compute [35]: 36, RV50RV50, 45, 96.65121209872657
Compute [36]: 37, RVC2VC20, 45, 103.05128140194736
Compute [37]: 38, RVC2VC25, 45, 97.51301662182172
Compute [38]: 39, RVC3VC32, 40, 92.87689133018041
Compute [39]: 40, RVC4VC40, 40, 89.29088914021612
Compute [40]: 41, RVC5VC50, 45, 105.02452409731285
Compute [41]: 42, RVC6VC63, 45, 95.31126129437706
Compute [42]: 43, RZC22010, 35, 75.83253942096061
Compute [43]: 44, RZC22510, 35, 76.62105217793837
Compute [44]: 45, RZC33210, 40, 79.81532355509108
Compute [45]: 46, RZC4C408, 35, 77.79067123205851
Compute [46]: 47, RZC5C506, 35, 72.93275567770736
Compute [47]: 48, RZC6C636, 40, 90.90691018208993
Compute [48]: 49, RZRNRN20, 40, 82.62564028874375
Compute [49]: 50, RZRNRN25, 40, 91.2153501032464
Compute [50]: 51, RZRNRN32, 40, 82.62564028874375
Compute [51]: 52, RZRNRN40, 40, 85.68083744014312
Compute [52]: 53, RZRNRN50, 40, 84.16799631819109
Compute [53]: 54, RZRNRN63, 40, 87.12302472034831
Compute [54]: 55, RZRTRT20, 35, 74.16483364084296
Compute [55]: 56, RZRTRT25, 40, 89.10926474928489
Compute [56]: 57, RZRTRT32, 35, 74.6261988737065
Compute [57]: 58, RZRTRT40, 40, 92.7010559148006
Compute [58]: 59, RZRTRT50, 40, 89.10926474928489
Compute [59]: 60, RZRTRT63, 40, 80.5050524109933
Compute [60]: 61, RL11L110, 35, 77.36385049589433
Compute [61]: 62, RL20RL20, 40, 82.39030779893018
Compute [62]: 63, RL25RL25, 35, 77.07301743917564
Compute [63]: 64, RL32RL32, 35, 74.999552275986
Compute [64]: 65, RL40RL40, 35, 77.36385049589433
Compute [65]: 66, RL50RL50, 40, 90.77468644595595
Compute [66]: 67, RL63RL63, 40, 80.82363115215948
Compute [67]: 68, RL75RL75, 35, 74.29970056267436
Compute [68]: 69, RL90RL90, 35, 73.6649085153138
Compute [69]: 70, RLKR51/2, 40, 82.71803664360739
Compute [70]: 71, RLRNRN20, 40, 80.59099038673843
Compute [71]: 72, RLRNRN25, 45, 106.95488474573462
Compute [72]: 73, RLRN51/2, 40, 87.58880419375214
Compute [73]: 74, RLRNRN32, 40, 79.78197672693277
Compute [74]: 75, RLRTRT20, 40, 79.59299072691364
Compute [75]: 76, RLRTRT25, 40, 79.81532355509108
Compute [76]: 77, RLRT51/2, 35, 77.36385049589433
Compute [77]: 78, RLRTRT32, 40, 86.38704108661456
Compute [78]: 79, RLL1L110, 35, 74.6534213462339
Compute [79]: 80, RLL2LL20, 35, 77.79067123205851
Compute [80]: 81, RLL2LL25, 40, 89.5742388096978
Compute [81]: 82, RLL3LL32, 40, 87.36562659334349
Compute [82]: 83, RLL4LL40, 40, 85.73862770677744
Compute [83]: 84, RLL5LL50, 35, 75.4947795698434
Compute [84]: 85, RLL6LL63, 40, 79.8429505882886
Compute [85]: 86, RLL7LL75, 35, 77.36385049589433
Compute [86]: 87, RLL9LL90, 35, 77.68433114446053
Compute [87]: 88, RN11N110, 35, 73.8414837100379
Compute [88]: 89, RN20RN20, 40, 80.57672073239374
Compute [89]: 90, RN25RN25, 35, 77.79067123205851
Compute [90]: 91, RN32RN32, 40, 79.82312984427402
Compute [91]: 92, RN40RN40, 35, 77.93841365453613
Compute [92]: 93, RN50RN50, 40, 87.57284577488699
Compute [93]: 94, RN63RN63, 40, 83.38442245206191
Compute [94]: 95, RN75RN75, 40, 79.89883997801873
Compute [95]: 96, RN90RN90, 45, 100.4339158960845
Compute [96]: 97, RNC11050, 35, 75.34221898178299
Compute [97]: 98, RNC11063, 35, 75.89553807998031
Compute [98]: 99, RNC11075, 40, 89.10926474928489
Compute [99]: 100, RNC11090, 40, 83.3680934754554
Compute [100]: 101, RNC22520, 40, 80.59099038673843
Compute [101]: 102, RNC33220, 45, 99.61809981834172
Compute [102]: 103, RNC33225, 45, 102.27431588694223
Compute [103]: 104, RNC44020, 45, 105.10718179183579
Compute [104]: 105, RNC44025, 35, 74.39539674875678
Compute [105]: 106, RNC44032, 40, 80.5050524109933
Compute [106]: 107, RNC55020, 35, 77.79067123205851
Compute [107]: 108, RNC55025, 40, 82.39030779893018
Compute [108]: 109, RNC55032, 40, 83.80587684449313
Compute [109]: 110, RNC55040, 35, 77.36385049589433
Compute [110]: 111, RNC66325, 35, 75.39292002799621
Compute [111]: 112, RNC66332, 40, 94.3268378798964
Compute [112]: 113, RNC66340, 40, 82.79452895561548
Compute [113]: 114, RNC66350, 35, 73.41898847207182
Compute [114]: 115, RNC77532, 45, 102.7190693938836
Compute [115]: 116, RNC77540, 40, 80.09613993959877
Compute [116]: 117, RNC77550, 35, 74.61634299093336
Compute [117]: 118, RNC77563, 40, 79.81532355509108
Compute [118]: 119, RNC99050, 40, 83.72296631943273
Compute [119]: 120, RNC99063, 40, 83.57670580458807
Compute [120]: 121, RNC99075, 35, 74.25518511931634
Compute [121]: 122, RNRNN110, 40, 79.34631461390778
Compute [122]: 123, RNRNRN20, 40, 85.73862770677744
Compute [123]: 124, RNRNRN25, 35, 77.79067123205851
Compute [124]: 125, RNRN51/2, 35, 73.8211768400468
Compute [125]: 126, RNRNRN32, 40, 82.3542138769229
Compute [126]: 127, RNRNRN40, 35, 77.79067123205851
Compute [127]: 128, RNRNRN50, 35, 78.62654989974853
Compute [128]: 129, RNRNRN63, 40, 79.9771349408326
Compute [129]: 130, RNRNRN75, 35, 78.39357634616766
Compute [130]: 131, RNRNRN90, 35, 75.94974812693341
Compute [131]: 132, RNRT1010, 40, 80.48489520864078
Compute [132]: 133, RNRTRT20, 40, 93.85259991940173
Compute [133]: 134, RNRTRT25, 40, 83.47964949421102
Compute [134]: 135, RNRT51/2, 35, 77.36385049589433
Compute [135]: 136, RNRTRT32, 35, 75.34221898178299
Compute [136]: 137, RNRTRT40, 35, 76.05448213437528
Compute [137]: 138, RNRTRT50, 40, 81.11754594115608
Compute [138]: 139, RNRTRT63, 35, 74.2753457025208
Compute [139]: 140, RNRTRT75, 35, 76.59859393363904
Compute [140]: 141, RNRTRT90, 40, 81.0635421801436
Compute [141]: 142, RT11T110, 45, 95.31126129437706
Compute [142]: 143, RT20RT20, 40, 82.61467800305788
Compute [143]: 144, RT25RT25, 45, 99.61809981834172
Compute [144]: 145, RT32RT32, 40, 86.0438985790094
Compute [145]: 146, RT40RT40, 45, 107.73852625558098
Compute [146]: 147, RT50RT50, 35, 73.8211768400468
Compute [147]: 148, RT63RT63, 40, 82.09179970911204
Compute [148]: 149, RT75RT75, 40, 85.82519871381989
Compute [149]: 150, RT90RT90, 40, 89.10926474928489
Compute [150]: 151, RTC11063, 40, 92.13620955323498
Compute [151]: 152, RTC11075, 40, 80.59099038673843
Compute [152]: 153, RTC11090, 40, 79.13313173295529
Compute [153]: 154, RTC22520, 40, 84.27617463694678
Compute [154]: 155, RTC33220, 35, 75.34221898178299
Compute [155]: 156, RTC33225, 45, 103.05370345118989
Compute [156]: 157, RTC44020, 35, 77.7693205776513
Compute [157]: 158, RTC44025, 35, 78.59822708136907
Compute [158]: 159, RTC44032, 35, 75.7316809000173
Compute [159]: 160, RTC55020, 40, 85.73862770677744
Compute [160]: 161, RTC55025, 40, 85.73862770677744
Compute [161]: 162, RTC55032, 40, 90.7526594026817
Compute [162]: 163, RTC55040, 35, 75.34221898178299
Compute [163]: 164, RTC66325, 45, 98.8320260985398
Compute [164]: 165, RTC66332, 35, 77.79067123205851
Compute [165]: 166, RTC66340, 35, 77.79067123205851
Compute [166]: 167, RTC66350, 40, 87.36562659334349
Compute [167]: 168, RTC77532, 35, 75.4947795698434
Compute [168]: 169, RTC77540, 35, 73.4280481811842
Compute [169]: 170, RTC77550, 40, 80.23785996479765
Compute [170]: 171, RTC77563, 40, 79.81532355509108
Compute [171]: 172, RTC99050, 35, 77.79067123205851
Compute [172]: 173, RTC99063, 40, 80.59099038673843
Compute [173]: 174, RTC99075, 45, 98.26500851049833
Compute [174]: 175, RTRNRN20, 40, 80.59099038673843
Compute [175]: 176, RTRNRN25, 40, 85.56783133628412
Compute [176]: 177, RTRN51/2, 35, 78.0286182809873
Compute [177]: 178, RTRNRN32, 35, 74.43428383072
Compute [178]: 179, RTRTRT20, 35, 73.8414837100379
Compute [179]: 180, RTRTRT25, 45, 98.13346532949512
Compute [180]: 181, RTRT51/2, 40, 89.18666914032622
Compute [181]: 182, RTRTRT32, 40, 79.95753235195853
Compute [182]: 183, RB50B50X, 40, 81.08416482425022
Compute [183]: 184, RB90B90X, 40, 87.36562659334349
Compute [184]: 185, RDB2B20X, 40, 84.84719253416009
Compute [185]: 186, RDB2B25X, 35, 77.36385049589433
Compute [186]: 187, RDB3B32X, 40, 85.45609636114813
Compute [187]: 188, RDB4B40X, 40, 82.62564028874375
Compute [188]: 189, RDB5B50X, 35, 75.4947795698434
Compute [189]: 190, ROT2T20X, 35, 77.20589161179254
Compute [190]: 191, ROT2T25X, 40, 94.83883526247658
Compute [191]: 192, RV20V20X, 45, 97.51301662182172
Compute [192]: 193, RV25V25X, 45, 96.22333066820966
Compute [193]: 194, RV32V32X, 45, 96.22333066820966
Compute [194]: 195, RV40V40X, 45, 106.4456725485254
Compute [195]: 196, RV50V50X, 40, 91.25825952954861
Compute [196]: 197, RVC2C20X, 40, 86.30254171252027
Compute [197]: 198, RVC2C25X, 40, 86.30254171252027
Compute [198]: 199, RVC3C32X, 45, 106.79206674295328
Compute [199]: 200, RVC4C40X, 40, 85.0684580360981
Compute [200]: 201, RVC5C50X, 45, 101.23435418535024
Compute [201]: 202, RVC6C63X, 40, 93.5660805597226
Compute [202]: 203, RZC2C20X, 35, 76.04709544095157
Compute [203]: 204, RZC2C25X, 35, 77.79067123205851
Compute [204]: 205, RZC3C32X, 40, 79.41655261243747
Compute [205]: 206, RZC4C40X, 35, 75.4947795698434
Compute [206]: 207, RZC5C50X, 35, 77.7073733229421
Compute [207]: 208, RZRNN20X, 35, 75.43763114055336
Compute [208]: 209, RZRNN25X, 35, 75.4947795698434
Compute [209]: 210, RZRNN32X, 35, 74.92383186531545
Compute [210]: 211, RZRNN50X, 40, 82.62564028874375
Compute [211]: 212, RZRTT20X, 40, 84.24800344272913
Compute [212]: 213, RZRTT25X, 35, 75.83253942096061
Compute [213]: 214, RLL2L20X, 40, 87.36562659334349
Compute [214]: 215, RLL2L25X, 40, 84.16799631819109
Compute [215]: 216, RLL3L32X, 35, 74.65590474113203
Compute [216]: 217, RLL4L40X, 40, 91.2153501032464
Compute [217]: 218, RLL5L50X, 35, 78.4975676134187
Compute [218]: 219, RLL6L63X, 35, 74.8515159547512
Compute [219]: 220, RLL7L75X, 45, 96.75120594848045
Compute [220]: 221, RL20L20X, 45, 95.31126129437706
Compute [221]: 222, RL25L25X, 40, 80.20504462687384
Compute [222]: 223, RL32L32X, 40, 84.87980703830189
Compute [223]: 224, RL40L40X, 40, 80.59099038673843
Compute [224]: 225, RL50L50X, 35, 75.4947795698434
Compute [225]: 226, RL63L63X, 40, 82.11616916630453
Compute [226]: 227, RL75L75X, 35, 74.26521781818764
Compute [227]: 228, RL90L90X, 35, 75.03539568205642
Compute [228]: 229, RLRNN20X, 40, 82.06632924300136
Compute [229]: 230, RLRN1/2X, 40, 87.36562659334349
Compute [230]: 231, RLRNN25X, 35, 78.62654989974853
Compute [231]: 232, RLRTT20X, 40, 80.59099038673843
Compute [232]: 233, RLRT1/2X, 40, 83.27789049490967
Compute [233]: 234, RLRTT25X, 35, 74.14887002092107
Compute [234]: 235, RLRTT32X, 35, 74.03824657023341
Compute [235]: 236, RN20N20X, 40, 80.79708682935046
Compute [236]: 237, RN25N25X, 45, 100.46964834907486
Compute [237]: 238, RN32N32X, 35, 75.8464100084772
Compute [238]: 239, RN40N40X, 40, 85.73862770677744
Compute [239]: 240, RN50N50X, 40, 87.36562659334349
Compute [240]: 241, RN63N63X, 40, 87.36562659334349
Compute [241]: 242, RN75N75X, 40, 83.0494214079054
Compute [242]: 243, RNC2520X, 35, 75.62400769897862
Compute [243]: 244, RNC3220X, 40, 87.36562659334349
Compute [244]: 245, RNC3225X, 40, 80.59099038673843
Compute [245]: 246, RNC4020X, 40, 85.73862770677744
Compute [246]: 247, RNC4025X, 40, 90.9861709387919
Compute [247]: 248, RNC4032X, 40, 79.16940268374745
Compute [248]: 249, RNC5020X, 35, 74.16483364084296
Compute [249]: 250, RNC5025X, 35, 74.18925172883371
Compute [250]: 251, RNC5032X, 35, 73.8211768400468
Compute [251]: 252, RNC5040X, 40, 80.98123103754368
Compute [252]: 253, RNC6340X, 40, 84.46084295938445
Compute [253]: 254, RNC6350X, 40, 83.80587684449313
Compute [254]: 255, RNC7540X, 40, 79.18306890671676
Compute [255]: 256, RNC7563X, 40, 85.73862770677744
Compute [256]: 257, RNC9075X, 40, 85.73862770677744
Compute [257]: 258, RNRNN20X, 45, 107.82105184083963
Compute [258]: 259, RNRN1/2X, 40, 91.2153501032464
Compute [259]: 260, RNRNN25X, 40, 86.38704108661456
Compute [260]: 261, RNRNN32X, 40, 88.19089002361386
Compute [261]: 262, RNRNN40X, 40, 83.29016251016995
Compute [262]: 263, RNRNN50X, 40, 79.81532355509108
Compute [263]: 264, RNRNN63X, 40, 79.81532355509108
Compute [264]: 265, RNRTT20X, 40, 81.42987618569609
Compute [265]: 266, RNRT1/2X, 35, 77.163677097854
Compute [266]: 267, RNRTT25X, 35, 73.8414837100379
Compute [267]: 268, RNRTT32X, 40, 84.80964995066007
Compute [268]: 269, RNRTT40X, 35, 77.36385049589433
Compute [269]: 270, RNRTT50X, 35, 77.36385049589433
Compute [270]: 271, RT20T20X, 40, 79.31025755130653
Compute [271]: 272, RT25T25X, 35, 75.4947795698434
Compute [272]: 273, RT32T32X, 40, 82.79452895561548
Compute [273]: 274, RT40T40X, 40, 83.80587684449313
Compute [274]: 275, RT50T50X, 35, 73.91722996736038
Compute [275]: 276, RT63T63X, 40, 82.62564028874375
Compute [276]: 277, RT75T75X, 35, 75.34221898178299
Compute [277]: 278, RTC2520X, 40, 89.83100812008905
Compute [278]: 279, RTC3220X, 40, 87.29008898896055
Compute [279]: 280, RTC3225X, 40, 79.81532355509108
Compute [280]: 281, RTC4025X, 35, 77.20589161179254
Compute [281]: 282, RTC4032X, 40, 89.62974171321497
Compute [282]: 283, RTC5025X, 45, 96.48413239568492
Compute [283]: 284, RTC5032X, 40, 79.81532355509108
Compute [284]: 285, RTC5040X, 40, 79.58876247828647
Compute [285]: 286, RTC6516X, 40, 82.51178250355466
Compute [286]: 287, RTC6216X, 35, 77.25882336196383
Compute [287]: 288, RTC6016X, 35, 74.72473781872424
Compute [288]: 289, RTC6350X, 35, 77.79067123205851
Compute [289]: 290, RTC7550X, 40, 80.59099038673843
Compute [290]: 291, RTC7563X, 40, 82.23178335570405
Compute [291]: 292, RTC9050X, 40, 83.80587684449313
Compute [292]: 293, RTRNN20X, 40, 83.05521475653792
Compute [293]: 294, RTRN1/2X, 40, 87.36562659334349
Compute [294]: 295, RTRNN25X, 35, 75.4947795698434
Compute [295]: 296, RTRTT20X, 40, 80.59099038673843
Compute [296]: 297, RTRT1/2X, 40, 95.05246804735398
Compute [297]: 298, RTRTT25X, 40, 86.40693287258823
Compute [298]: 299, RTRTT32X, 35, 77.36385049589433
Compute [299]: 300, RL12L125, 40, 85.73862770677744
Compute [300]: 301, RL14L140, 35, 78.16417688488853
Compute [301]: 302, RL166016, 40, 82.62564028874375
Compute [302]: 303, RL200016, 45, 98.44508439445454
Compute [303]: 304, RN12N125, 40, 86.93329844739799
Compute [304]: 305, RN14N140, 35, 75.4947795698434
Compute [305]: 306, RN16N160, 40, 82.62564028874375
Compute [306]: 307, RN20N200, 45, 97.6963688440912
Compute [307]: 308, RNB1B125, 35, 77.45403188774328
Compute [308]: 309, RNB1B140, 45, 102.84808327999076
Compute [309]: 310, RNB14010, 40, 79.34631461390778
Compute [310]: 311, RNB1B160, 45, 96.48413239568492
Compute [311]: 312, RNB1B180, 35, 75.4947795698434
Compute [312]: 313, RNB2B200, 40, 93.07841761081892
Compute [313]: 314, RNB20010, 45, 102.20422230267015
Compute [314]: 315, RNC15110, 40, 81.95457521608381
Compute [315]: 316, RNC1110D, 35, 77.36385049589433
Compute [316]: 317, RNC14090, 40, 87.65971053068738
Compute [317]: 318, RNC10110, 40, 83.59228551369485
Compute [318]: 319, RNC10140, 40, 82.52809024867969
Compute [319]: 320, RNC20125, 45, 102.13494735916373
Compute [320]: 321, RT12T125, 40, 79.81532355509108
Compute [321]: 322, RT14T140, 45, 99.1831153427541
Compute [322]: 323, RT166016, 35, 75.34032431235826
Compute [323]: 324, RTC14075, 40, 81.1674565091261
Compute [324]: 325, RTC24016, 40, 89.92141737320482
Compute [325]: 326, RUB5UB50, 40, 83.61485938175544
Compute [326]: 327, RUDBDB20, 40, 87.63869938987393
Compute [327]: 328, RUDBDB25, 40, 85.73862770677744
Compute [328]: 329, RUDBDB32, 40, 85.73862770677744
Compute [329]: 330, RUDBDB40, 35, 75.4947795698434
Compute [330]: 331, RUDBDB50, 35, 73.91722996736038
Compute [331]: 332, RUL2UL20, 35, 75.89553807998031
Compute [332]: 333, RUL2UL25, 40, 82.62564028874375
Compute [333]: 334, RUL3UL32, 35, 77.36385049589433
Compute [334]: 335, RUL4UL40, 40, 79.8429505882886
Compute [335]: 336, RUL5UL50, 35, 76.11646629580578
Compute [336]: 337, RUL6UL63, 35, 77.61364695114368
Compute [337]: 338, RULK51/2, 35, 73.68476263269005
Compute [338]: 339, RULLLL20, 40, 83.80587684449313
Compute [339]: 340, RULLLL25, 40, 86.2613517215918
Compute [340]: 341, RULLLL32, 40, 81.85959891848721
Compute [341]: 342, RULLLL40, 40, 83.72296631943273
Compute [342]: 343, RULLLL50, 40, 80.5050524109933
Compute [343]: 344, RULLLL63, 35, 77.94670732991712
Compute [344]: 345, RULRRN20, 40, 82.39030779893018
Compute [345]: 346, RULRRN25, 35, 73.8414837100379
Compute [346]: 347, RULR1/2D, 40, 85.50324438001984
Compute [347]: 348, RULRRT20, 40, 91.2153501032464
Compute [348]: 349, RULRRT25, 40, 78.94671855575672
Compute [349]: 350, RULR51/2, 45, 100.4339158960845
Compute [350]: 351, RUN2UN20, 40, 79.47377752204422
Compute [351]: 352, RUN2UN25, 35, 77.28358472951828
Compute [352]: 353, RUN3UN32, 35, 77.7073733229421
Compute [353]: 354, RUN4UN40, 40, 80.59099038673843
Compute [354]: 355, RUN5UN50, 35, 77.07301743917564
Compute [355]: 356, RUN6UN63, 35, 74.2411442551399
Compute [356]: 357, RUNC2520, 35, 76.4937729490797
Compute [357]: 358, RUNC3220, 40, 80.59099038673843
Compute [358]: 359, RUNC3225, 45, 95.31126129437706
Compute [359]: 360, RUNC4020, 35, 77.2824438677733
Compute [360]: 361, RUNC4025, 35, 74.67645296659198
Compute [361]: 362, RUNC4032, 35, 74.40320901283366
Compute [362]: 363, RUNC5020, 40, 84.06498993845321
Compute [363]: 364, RUNC5025, 40, 80.87455999489447
Compute [364]: 365, RUNC5032, 40, 79.81532355509108
Compute [365]: 366, RUNC5040, 40, 81.42987618569609
Compute [366]: 367, RUNC6332, 45, 95.31126129437706
Compute [367]: 368, RUNC6340, 35, 77.93841365453613
Compute [368]: 369, RUNC6350, 35, 75.42163174605645
Compute [369]: 370, RUNRRN20, 35, 75.34221898178299
Compute [370]: 371, RUNRRN25, 45, 105.35459280593915
Compute [371]: 372, RUNR1/2D, 35, 75.24714353244602
Compute [372]: 373, RUNRRN32, 35, 77.11640337874618
Compute [373]: 374, RUNRRN40, 35, 77.20589161179254
Compute [374]: 375, RUNRRN50, 40, 87.36562659334349
Compute [375]: 376, RUNRRN63, 35, 75.4947795698434
Compute [376]: 377, RUNRRT20, 35, 74.29359703438963
Compute [377]: 378, RUNRRT25, 40, 86.55442701572198
Compute [378]: 379, RUNR51/2, 45, 97.67048221419466
Compute [379]: 380, RUNRRT32, 40, 84.01047098058712
Compute [380]: 381, RUNRRT40, 35, 75.4947795698434
Compute [381]: 382, RUNRRT50, 35, 75.34221898178299
Compute [382]: 383, RUNRRT63, 35, 75.34221898178299
Compute [383]: 384, RUOT2020, 35, 74.72075163681181
Compute [384]: 385, RUOTOT25, 35, 74.8157596543472
Compute [385]: 386, RUT2UT20, 35, 77.36385049589433
Compute [386]: 387, RUT2UT25, 40, 89.95107605494586
Compute [387]: 388, RUT3UT32, 40, 82.62564028874375
Compute [388]: 389, RUT4UT40, 35, 77.36385049589433
Compute [389]: 390, RUT5UT50, 35, 76.46542051013311
Compute [390]: 391, RUT6UT63, 40, 87.26573735652583
Compute [391]: 392, RUTC2520, 40, 88.4692543500339
Compute [392]: 393, RUTC3220, 40, 79.34631461390778
Compute [393]: 394, RUTC3225, 35, 75.74721155446
Compute [394]: 395, RUTC4020, 40, 87.66374860334467
Compute [395]: 396, RUTC4025, 40, 79.81532355509108
Compute [396]: 397, RUTC4032, 40, 83.80587684449313
Compute [397]: 398, RUTC5020, 35, 76.33846019739642
Compute [398]: 399, RUTC5025, 40, 91.2153501032464
Compute [399]: 400, RUTC5032, 35, 78.81787361790325
Compute [400]: 401, RUTC5040, 35, 77.36385049589433
Compute [401]: 402, RUTC6325, 40, 81.4087114660967
Compute [402]: 403, RUTC6332, 40, 79.8429505882886
Compute [403]: 404, RUTC6350, 35, 74.67865696222302
Compute [404]: 405, RUTRRN20, 40, 81.11754594115608
Compute [405]: 406, RUTRRN25, 40, 79.81532355509108
Compute [406]: 407, RUTR1/2D, 35, 77.27077254241252
Compute [407]: 408, RUTRRN32, 35, 77.79067123205851
Compute [408]: 409, RUTRRT20, 35, 73.8414837100379
Compute [409]: 410, RUTRRT25, 35, 75.4947795698434
Compute [410]: 411, RUTR51/2, 40, 82.18069209723804
Compute [411]: 412, RUV2UV20, 40, 90.07009948280827
Compute [412]: 413, RUV2UV25, 45, 98.90625139578498
Compute [413]: 414, RUV3UV32, 40, 91.06594504651605
Compute [414]: 415, RUV4UV40, 45, 103.52341337718362
Compute [415]: 416, RUV5UV50, 40, 85.83465024277957
Compute [416]: 417, RUVCVC20, 45, 101.94269830391268
Compute [417]: 418, RUVCVC25, 45, 103.30063960313146
Compute [418]: 419, RUVCVC32, 40, 93.33072116584873
Compute [419]: 420, RUVCVC40, 40, 88.14227782232858
Compute [420]: 421, RUVCVC50, 45, 102.3401204713904
Compute [421]: 422, RUVCVC63, 45, 97.94688141996005
Compute [422]: 423, RUZCZC20, 40, 80.19456367325989
Compute [423]: 424, RUZCZC25, 35, 73.8211768400468
Compute [424]: 425, RUZCZC32, 40, 80.59099038673843
Compute [425]: 426, RUZCZC40, 35, 77.79067123205851
Compute [426]: 427, RUZCZC50, 40, 80.59099038673843
Compute [427]: 428, RUZCZC63, 35, 75.82591117121113
Compute [428]: 429, RUZRRN20, 40, 81.36400372398134
Compute [429]: 430, RUZRRN25, 40, 78.91179291417578
Compute [430]: 431, RUZRRN32, 40, 80.33323953381881
Compute [431]: 432, RUZRRN40, 35, 74.85281188142994
Compute [432]: 433, RUZRRN63, 35, 74.18925172883371
Compute [433]: 434, RUZRRT25, 40, 82.40152966076433
